// Jest Snapshot v1, https://goo.gl/fbAQLP

exports[`Checkbox Testing Render Render SnapShot 1`] = `
Object {
  "asFragment": [Function],
  "baseElement": <body>
    <div>
      <label
        class="MuiFormControlLabel-root Mui-disabled MuiFormControlLabel-labelPlacementEnd css-j204z7-MuiFormControlLabel-root"
      >
        <span
          aria-disabled="true"
          class="MuiButtonBase-root MuiCheckbox-root MuiCheckbox-colorPrimary Mui-disabled PrivateSwitchBase-root MuiCheckbox-root MuiCheckbox-colorPrimary Mui-checked Mui-disabled css-1a7yyzq-MuiButtonBase-root-MuiCheckbox-root"
          tabindex="-1"
        >
          <input
            checked=""
            class="PrivateSwitchBase-input css-gb48lp"
            data-indeterminate="false"
            disabled=""
            type="checkbox"
          />
          <svg
            aria-hidden="true"
            class="MuiSvgIcon-root MuiSvgIcon-fontSizeMedium css-i4bv87-MuiSvgIcon-root"
            data-testid="CheckBoxIcon"
            focusable="false"
            viewBox="0 0 24 24"
          >
            <path
              d="M19 3H5c-1.11 0-2 .9-2 2v14c0 1.1.89 2 2 2h14c1.11 0 2-.9 2-2V5c0-1.1-.89-2-2-2zm-9 14l-5-5 1.41-1.41L10 14.17l7.59-7.59L19 8l-9 9z"
            />
          </svg>
        </span>
        <span
          class="MuiTypography-root MuiTypography-body1 MuiFormControlLabel-label Mui-disabled css-10a3z0g-MuiTypography-root"
        >
          heeeey
        </span>
      </label>
    </div>
  </body>,
  "container": <div>
    <label
      class="MuiFormControlLabel-root Mui-disabled MuiFormControlLabel-labelPlacementEnd css-j204z7-MuiFormControlLabel-root"
    >
      <span
        aria-disabled="true"
        class="MuiButtonBase-root MuiCheckbox-root MuiCheckbox-colorPrimary Mui-disabled PrivateSwitchBase-root MuiCheckbox-root MuiCheckbox-colorPrimary Mui-checked Mui-disabled css-1a7yyzq-MuiButtonBase-root-MuiCheckbox-root"
        tabindex="-1"
      >
        <input
          checked=""
          class="PrivateSwitchBase-input css-gb48lp"
          data-indeterminate="false"
          disabled=""
          type="checkbox"
        />
        <svg
          aria-hidden="true"
          class="MuiSvgIcon-root MuiSvgIcon-fontSizeMedium css-i4bv87-MuiSvgIcon-root"
          data-testid="CheckBoxIcon"
          focusable="false"
          viewBox="0 0 24 24"
        >
          <path
            d="M19 3H5c-1.11 0-2 .9-2 2v14c0 1.1.89 2 2 2h14c1.11 0 2-.9 2-2V5c0-1.1-.89-2-2-2zm-9 14l-5-5 1.41-1.41L10 14.17l7.59-7.59L19 8l-9 9z"
          />
        </svg>
      </span>
      <span
        class="MuiTypography-root MuiTypography-body1 MuiFormControlLabel-label Mui-disabled css-10a3z0g-MuiTypography-root"
      >
        heeeey
      </span>
    </label>
  </div>,
  "debug": [Function],
  "findAllByAltText": [Function],
  "findAllByDisplayValue": [Function],
  "findAllByLabelText": [Function],
  "findAllByPlaceholderText": [Function],
  "findAllByRole": [Function],
  "findAllByTestId": [Function],
  "findAllByText": [Function],
  "findAllByTitle": [Function],
  "findByAltText": [Function],
  "findByDisplayValue": [Function],
  "findByLabelText": [Function],
  "findByPlaceholderText": [Function],
  "findByRole": [Function],
  "findByTestId": [Function],
  "findByText": [Function],
  "findByTitle": [Function],
  "getAllByAltText": [Function],
  "getAllByDisplayValue": [Function],
  "getAllByLabelText": [Function],
  "getAllByPlaceholderText": [Function],
  "getAllByRole": [Function],
  "getAllByTestId": [Function],
  "getAllByText": [Function],
  "getAllByTitle": [Function],
  "getByAltText": [Function],
  "getByDisplayValue": [Function],
  "getByLabelText": [Function],
  "getByPlaceholderText": [Function],
  "getByRole": [Function],
  "getByTestId": [Function],
  "getByText": [Function],
  "getByTitle": [Function],
  "queryAllByAltText": [Function],
  "queryAllByDisplayValue": [Function],
  "queryAllByLabelText": [Function],
  "queryAllByPlaceholderText": [Function],
  "queryAllByRole": [Function],
  "queryAllByTestId": [Function],
  "queryAllByText": [Function],
  "queryAllByTitle": [Function],
  "queryByAltText": [Function],
  "queryByDisplayValue": [Function],
  "queryByLabelText": [Function],
  "queryByPlaceholderText": [Function],
  "queryByRole": [Function],
  "queryByTestId": [Function],
  "queryByText": [Function],
  "queryByTitle": [Function],
  "rerender": [Function],
  "unmount": [Function],
}
`;
